PASS 9110_body.txt: 204 v, 376 tris; AABB [-0.68, 0.0, -0.543261] -> [0.68, 1.3218, 0.543261]
PASS 9110_body_lod1.txt: 72 v, 124 tris; AABB [-0.68, 0.0, -0.470478] -> [0.68, 1.3218, 0.470478]
PASS 9111_body.txt: 362 v, 700 tris; AABB [-0.968367, 0.0, -0.968367] -> [0.968367, 2.397558, 0.968367]
PASS 9111_body_lod1.txt: 232 v, 440 tris; AABB [-0.968367, 0.0, -0.968367] -> [0.968367, 2.397558, 0.968367]
PASS 9114_body.txt: 828 v, 1500 tris; AABB [-0.98, 0.0, -0.41] -> [0.98, 1.37, 0.56]
PASS 9114_part.txt: 24 v, 40 tris; AABB [-0.112, -0.09, -0.112] -> [0.112, 0.09, 0.122]
PASS 9114_preview.txt: 852 v, 1540 tris; AABB [-0.98, 0.0, -0.41] -> [0.98, 1.37, 0.56]
PASS 9114_body_lod1.txt: 404 v, 708 tris; AABB [-0.98, 0.0, -0.41] -> [0.98, 1.37, 0.56]
PASS 9114_part_lod1.txt: 20 v, 32 tris; AABB [-0.112, -0.09, -0.096995] -> [0.112, 0.09, 0.122]
PASS 9114_preview_lod1.txt: 424 v, 740 tris; AABB [-0.98, 0.0, -0.41] -> [0.98, 1.37, 0.56]
PASS 9115_body.txt: 240 v, 416 tris; AABB [-0.68, 0.0, -0.3] -> [0.68, 1.44, 0.3]
PASS 9115_part.txt: 104 v, 184 tris; AABB [-0.26, -0.05, -0.26] -> [0.26, 0.05, 0.26]
PASS 9115_preview.txt: 344 v, 600 tris; AABB [-0.68, 0.0, -0.3] -> [0.68, 1.49, 0.3]
PASS 9115_body_lod1.txt: 192 v, 320 tris; AABB [-0.68, 0.0, -0.3] -> [0.68, 1.44, 0.3]
PASS 9115_part_lod1.txt: 12 v, 20 tris; AABB [-0.26, -0.04, -0.225167] -> [0.26, 0.04, 0.225167]
PASS 9115_preview_lod1.txt: 204 v, 340 tris; AABB [-0.68, 0.0, -0.3] -> [0.68, 1.48, 0.3]
PASS 9116_body.txt: 254 v, 460 tris; AABB [-1.28, 0.0, -0.7] -> [1.28, 3.64, 0.7]
PASS 9116_body_lod1.txt: 128 v, 220 tris; AABB [-1.28, 0.0, -0.7] -> [1.28, 3.64, 0.7]
PASS 9117_body.txt: 156 v, 256 tris; AABB [-1.1, 0.0, -0.5] -> [1.1, 1.05, 0.5]
PASS 9117_body_lod1.txt: 100 v, 160 tris; AABB [-1.1, 0.0, -0.5] -> [1.1, 1.05, 0.5]
PASS 9121_body.txt: 204 v, 360 tris; AABB [-1.03, 0.0, -0.52] -> [1.03, 1.95, 0.52]
PASS 9121_body_lod1.txt: 104 v, 176 tris; AABB [-1.03, 0.0, -0.52] -> [1.03, 1.95, 0.52]
PASS 9112_body.txt: 304 v, 568 tris; AABB [-0.68, 0.0, -0.45206] -> [0.68, 0.75249, 0.45206]
PASS 9112_body_lod1.txt: 184 v, 328 tris; AABB [-0.68, 0.0, -0.45206] -> [0.68, 0.75249, 0.45206]
PASS 9113_body.txt: 304 v, 568 tris; AABB [-0.68, 0.0, -0.45206] -> [0.68, 0.75249, 0.45206]
PASS 9113_body_lod1.txt: 184 v, 328 tris; AABB [-0.68, 0.0, -0.45206] -> [0.68, 0.75249, 0.45206]
PASS 9119_body.txt: 186 v, 324 tris; AABB [-0.25, 0.0, -0.25] -> [0.25, 0.73206, 0.73]
PASS 9119_body_lod1.txt: 96 v, 172 tris; AABB [-0.25, 0.0, -0.216506] -> [0.25, 0.73206, 0.73]
PASS 9120_body.txt: 158 v, 288 tris; AABB [-0.5, 0.0, -0.5] -> [0.5, 0.73206, 0.73]
PASS 9120_body_lod1.txt: 96 v, 176 tris; AABB [-0.5, 0.0, -0.433013] -> [0.5, 0.73206, 0.73]
PASS: 30 meshes / 12464 triangles, 23 connected hose anchors at both LODs; 12 item meshes and icons; 16 frozen asset hashes and catalog/item records unchanged
