Godot Engine v4.6.stable.mono.official.89cea1439 - https://godotengine.org
Vulkan 1.3.289 - Forward+ - Using Device #0: Unknown - llvmpipe (LLVM 15.0.7, 128 bits)
WARNING: The separate rendering thread feature is experimental. Feel free to try it since it will eventually become a stable feature.
However, bear in mind that at the moment it can lead to project crashes or instability.
So, unless you want to test the engine, set the "rendering/driver/threads/thread_model" project setting to 'Safe'.
     at: setup2 (main/main.cpp:3382)

Movie Maker mode enabled, recording movie in 2560×1440 @ 30 FPS...
[display] vsync -> Disabled
[fluidart] placed 9114: 2 hose ports, mesh=(-0.98, 0, -1.15), (1.96, 1.38, 1.28206)
[lodperf] drawcalls 13 | primitives 3124 | objects 13
[SHOT] saved /tmp/pump5.png (900x900)
WARNING: Call to viewport_find_from_screen_attachment causing RenderingServer synchronizations on every frame. This significantly affects performance.
     at: viewport_find_from_screen_attachment (servers/rendering/rendering_server_default.h:766)
WARNING: Call to viewport_get_texture causing RenderingServer synchronizations on every frame. This significantly affects performance.
     at: viewport_get_texture (servers/rendering/rendering_server_default.h:721)
WARNING: Call to texture_2d_get causing RenderingServer synchronizations on every frame. This significantly affects performance.
     at: texture_2d_get (servers/rendering/rendering_server_default.h:211)
WARNING: Call to viewport_is_using_hdr_2d causing RenderingServer synchronizations on every frame. This significantly affects performance.
     at: viewport_is_using_hdr_2d (servers/rendering/rendering_server_default.h:737)
WARNING: Call to viewport_get_measured_render_time_cpu causing RenderingServer synchronizations on every frame. This significantly affects performance.
     at: viewport_get_measured_render_time_cpu (servers/rendering/rendering_server_default.h:764)
WARNING: Call to viewport_get_measured_render_time_gpu causing RenderingServer synchronizations on every frame. This significantly affects performance.
     at: viewport_get_measured_render_time_gpu (servers/rendering/rendering_server_default.h:765)
--------------------------------------------------------------------------------
Done recording movie at path: /tmp/.fluiddevice.avi
6 frames at 30 FPS (movie length: 00:00:00:06), recorded in 00:00:09 (11% of real-time speed).
CPU render time: 0.01 seconds (average: 1.68 ms/frame)
GPU render time: 2.32 seconds (average: 386.38 ms/frame)
Encoding time: 0.33 seconds (average: 55.72 ms/frame)
--------------------------------------------------------------------------------
ERROR: This function (finalize) can only be called from the render thread.
   at: finalize (servers/rendering/rendering_device.cpp:7470)
WARNING: ObjectDB instances leaked at exit (run with --verbose for details).
     at: cleanup (core/object/object.cpp:2641)
