== L1: in-engine tests (headless godot, one boot) ==
[BUILD] HEAD is fe00a1cd, assembly was built from 68e9012018d44f4095727fda23a13776dec1f89e -- forcing a cold compile
[TEST] caches.clear_all                           | PASS | 0.07s (6 checks)
[TEST] fluid.water_quality_table                  | PASS | 0.02s (23 checks)
[TEST] keybind.conflict_detection                 | PASS | 0.00s (8 checks)
[TEST] keybind.defaults_complete                  | PASS | 0.00s (4 checks)
[TEST] keybind.serialize_roundtrip                | PASS | 0.01s (15 checks)
[TEST] keybind.testmode_isolation                 | PASS | 0.00s (4 checks)
[TEST] keybind.unbound_is_inert                   | PASS | 0.00s (6 checks)
[TEST] smoke.content_loads                        | PASS | 0.31s (3 checks)
[TEST] smoke.engine_boots                         | PASS | 0.00s (3 checks)
[TEST] terrain.hole_persistence                   | PASS | 0.20s (11 checks)
[TEST] ammo.stack_visual                          | PASS | 0.31s (375 checks)
[TEST] animal.combat                              | PASS | 0.04s (11 checks)
[TEST] animal.horse_fauna                         | PASS | 0.00s (5 checks)
[TEST] animal.horse_materialize                   | PASS | 2.09s (9 checks)
[TEST] armor.product_aggregation                  | PASS | 0.14s (7 checks)
[TEST] attach.magazine_no_dupe                    | PASS | 0.53s (8 checks)
[TEST] attach.swap_not_stack                      | PASS | 0.18s (12 checks)
[TEST] attachments.tactical_rail                  | PASS | 5.78s (30 checks)
[TEST] audio.resource_break                       | PASS | 0.06s (34 checks)
[TEST] audio.throwables                           | PASS | 0.08s (52 checks)
[TEST] barricade.attach_seam                      | PASS | 0.02s (5 checks)
[TEST] barricade.clearance_lattice                | PASS | 0.02s (1 checks)
[TEST] barricade.def_mount                        | PASS | 0.05s (7 checks)
[TEST] barricade.door_barricade                   | PASS | 0.12s (6 checks)
[TEST] barricade.orientation_primitives           | PASS | 0.00s (12 checks)
[TEST] barricade.playground                       | PASS | 0.04s (6 checks)
[TEST] barricade.preplaced                        | PASS | 0.12s (6 checks)
[TEST] barricade.preplaced_baked                  | PASS | 0.06s (3 checks)
[TEST] barricade.spawn_wall                       | PASS | 0.08s (5 checks)
[TEST] barricade.surface_placement                | PASS | 0.01s (12 checks)
[TEST] barricade.vehicle_surface                  | PASS | 0.04s (2 checks)
[TEST] barricade.window_remove                    | PASS | 0.10s (3 checks)
[TEST] barricade.window_snap                      | PASS | 0.12s (7 checks)
[TEST] barricade.window_snap_baked                | PASS | 0.10s (5 checks)
[TEST] barricade.window_styles                    | PASS | 0.22s (8 checks)
[TEST] bed.claim_lifecycle                        | PASS | 0.07s (8 checks)
[TEST] bed.destroyed_removes_spawn                | PASS | 0.10s (6 checks)
[TEST] bed.not_stealable                          | PASS | 0.02s (4 checks)
[TEST] bed.shot_destroys_and_clears_spawn         | PASS | 0.80s (5 checks)
[TEST] bugreport.capture_pipeline                 | PASS | 2.25s (32 checks)
[TEST] buildtool.auto_floor_fills_a_room          | PASS | 0.10s (9 checks)
[TEST] buildtool.auto_floor_key                   | PASS | 0.08s (3 checks)
[TEST] buildtool.auto_floor_needs_enclosure       | PASS | 0.12s (4 checks)
[TEST] buildtool.auto_floor_partition             | PASS | 0.08s (3 checks)
[TEST] buildtool.auto_floor_per_room              | PASS | 0.08s (4 checks)
[TEST] buildtool.auto_floor_plan_is_walls_only    | PASS | 0.04s (7 checks)
[TEST] buildtool.auto_foundation_lowest_only      | PASS | 0.12s (3 checks)
[TEST] buildtool.bake_round_trips_through_the_prop_pipeline | PASS | 0.10s (12 checks)
[TEST] buildtool.basements                        | PASS | 0.01s (5 checks)
[TEST] buildtool.broken_glass_leaves_shards       | PASS | 0.05s (10 checks)
[TEST] buildtool.broken_glass_needs_glass         | PASS | 0.04s (4 checks)
[TEST] buildtool.broken_glass_persists_and_dupes  | PASS | 0.11s (11 checks)
[TEST] buildtool.collider_matches_the_hole        | PASS | 0.02s (5 checks)
[TEST] buildtool.copy_paste_floor_keeps_openings  | PASS | 0.04s (5 checks)
[TEST] buildtool.copy_paste_floor_lifts_a_storey  | PASS | 0.06s (10 checks)
[TEST] buildtool.copy_paste_floor_skips_foundations_and_roofs | PASS | 0.08s (5 checks)
[TEST] buildtool.copy_paste_floor_takes_only_the_active_storey | PASS | 0.05s (3 checks)
[TEST] buildtool.copy_paste_floor_undo_removes_only_the_paste | PASS | 0.08s (7 checks)
[TEST] buildtool.corners_are_solved_on_bake       | PASS | 0.20s (11 checks)
[TEST] buildtool.cut_span_out_of_wall             | PASS | 0.10s (9 checks)
[TEST] buildtool.drag_ghost_ignores_what_is_being_drawn | PASS | 0.08s (4 checks)
[TEST] buildtool.drawn_roof_overhangs_and_meets_its_gable | PASS | 0.04s (4 checks)
[TEST] buildtool.drawn_slab_undo                  | PASS | 0.15s (7 checks)
[TEST] buildtool.duplicate_floor_key              | PASS | 0.06s (12 checks)
[TEST] buildtool.duplicate_walls_merge            | PASS | 0.08s (6 checks)
[TEST] buildtool.duplicated_surfaces_keep_every_setting | PASS | 0.05s (7 checks)
[TEST] buildtool.every_drag_tool_has_a_ghost      | PASS | 0.14s (12 checks)
[TEST] buildtool.floor_hole_is_real               | PASS | 0.10s (9 checks)
[TEST] buildtool.floor_is_a_wall_lying_down       | PASS | 0.08s (10 checks)
[TEST] buildtool.floors_and_roof_overhang         | PASS | 0.07s (6 checks)
[TEST] buildtool.foundation_is_a_skirt            | PASS | 0.04s (10 checks)
[TEST] buildtool.gable_roof_closes_at_a_ridge     | PASS | 0.05s (12 checks)
[TEST] buildtool.ghost_goes_red_inside_something  | PASS | 0.06s (6 checks)
[TEST] buildtool.ghost_is_not_a_surface           | PASS | 0.03s (4 checks)
[TEST] buildtool.ghost_touching_is_not_overlapping | PASS | 0.04s (3 checks)
[TEST] buildtool.glass_edits_undo                 | PASS | 0.12s (7 checks)
[TEST] buildtool.glass_panes_fill_and_shatter     | PASS | 0.21s (12 checks)
[TEST] buildtool.glass_survives_editing           | PASS | 0.08s (7 checks)
[TEST] buildtool.glass_survives_save_and_load     | PASS | 0.00s (11 checks)
[TEST] buildtool.grid_follows_storey              | PASS | 0.06s (5 checks)
[TEST] buildtool.grid_snap_and_opening_hard_edges | PASS | 0.12s (9 checks)
[TEST] buildtool.hud_and_door_fit_geometry        | PASS | 0.00s (6 checks)
[TEST] buildtool.imported_roofs_match_the_source_planes | PASS | 0.13s (28 checks)
[TEST] buildtool.imported_walls_face_outward      | PASS | 0.17s (3 checks)
[TEST] buildtool.imports_a_retail_building        | PASS | 0.08s (28 checks)
[TEST] buildtool.imports_floors                   | PASS | 0.07s (6 checks)
[TEST] buildtool.material_is_a_retail_palette     | PASS | 0.01s (5 checks)
[TEST] buildtool.one_tool_at_a_time               | PASS | 0.01s (27 checks)
[TEST] buildtool.opening_archetypes_fit_their_fills | PASS | 0.00s (16 checks)
[TEST] buildtool.opening_can_hold_a_door          | PASS | 0.08s (8 checks)
[TEST] buildtool.opening_door_survives_save       | PASS | 0.00s (6 checks)
[TEST] buildtool.opening_moves_between_walls      | PASS | 0.08s (9 checks)
[TEST] buildtool.overlap_warning                  | PASS | 0.01s (6 checks)
[TEST] buildtool.paint_commit_undoes_to_the_true_original | PASS | 0.08s (7 checks)
[TEST] buildtool.paint_follows_the_selected_side  | PASS | 0.10s (10 checks)
[TEST] buildtool.paint_preview_dies_with_the_handles | PASS | 0.06s (4 checks)
[TEST] buildtool.paint_preview_never_reaches_disk | PASS | 0.04s (8 checks)
[TEST] buildtool.paint_preview_shows_and_restores | PASS | 0.06s (8 checks)
[TEST] buildtool.per_side_wall_materials          | PASS | 0.06s (9 checks)
[TEST] buildtool.rain_shelter_matches_engine      | PASS | 1.00s (1 checks)
[TEST] buildtool.rain_shelter_matches_raycast     | PASS | 0.05s (3 checks)
[TEST] buildtool.roof_hip_planes_meet             | PASS | 0.05s (8 checks)
[TEST] buildtool.roof_modify_in_place             | PASS | 0.14s (9 checks)
[TEST] buildtool.roof_remove_restores_walls       | PASS | 0.10s (5 checks)
[TEST] buildtool.roof_square_hip_is_a_pyramid     | PASS | 0.06s (2 checks)
[TEST] buildtool.shards_are_scenery               | PASS | 0.02s (4 checks)
[TEST] buildtool.shelter_probe_sees_past_walls    | PASS | 0.07s (6 checks)
[TEST] buildtool.slabs_survive_save_and_bake      | PASS | 0.03s (7 checks)
[TEST] buildtool.smash_every_window_preset        | PASS | 0.12s (10 checks)
[TEST] buildtool.stairs_cut_and_ramp              | PASS | 0.12s (6 checks)
[TEST] buildtool.stairs_land_flush                | PASS | 0.01s (5 checks)
[TEST] buildtool.stairs_place_at_the_hit          | PASS | 0.03s (5 checks)
[TEST] buildtool.stairs_snap_to_footprint         | PASS | 0.02s (8 checks)
[TEST] buildtool.tee_and_cross_junctions          | PASS | 0.10s (11 checks)
[TEST] buildtool.trim_is_flat_shaded              | PASS | 0.00s (2 checks)
[TEST] buildtool.trim_is_shootable_but_not_solid  | PASS | 0.02s (4 checks)
[TEST] buildtool.wall_delete_is_undoable          | PASS | 0.02s (7 checks)
[TEST] buildtool.walls_survive_save_and_load      | PASS | 0.03s (13 checks)
[TEST] buildtool.whole_stage_operations_undo      | PASS | 0.19s (6 checks)
[TEST] chat.bans_persist                          | PASS | 0.01s (9 checks)
[TEST] chat.ui_behaves                            | PASS | 0.10s (10 checks)
[TEST] clothing.equip_drives_visual               | PASS | 0.14s (17 checks)
[TEST] clothing.inventory_drop_gesture            | PASS | 0.17s (4 checks)
[TEST] clothing.inventory_equip_unequip           | PASS | 0.14s (26 checks)
[TEST] clothing.signature_watches_worn            | PASS | 0.16s (5 checks)
[TEST] collbudget.streams_by_distance             | PASS | 0.01s (12 checks)
[TEST] combat.impact_blast                        | PASS | 0.00s (5 checks)
[TEST] combat.rain_masks_emitted_noise            | PASS | 0.46s (12 checks)
[TEST] combat.shot_origin                         | PASS | 11.24s (25 checks)
[TEST] console.give_quantity                      | PASS | 0.67s (10 checks)
[TEST] console.heal                               | PASS | 1.32s (16 checks)
[TEST] console.kill                               | PASS | 0.25s (2 checks)
[TEST] console.spawn_animal                       | PASS | 0.25s (15 checks)
[TEST] console.spawn_verbs                        | PASS | 0.23s (4 checks)
[TEST] console.temperature                        | PASS | 11.28s (28 checks)
[TEST] console.time_parse                         | PASS | 0.00s (19 checks)
[TEST] content.lens_emission_mask                 | PASS | 0.12s (17 checks)
[TEST] cook.lit_appliance                         | PASS | 4.71s (24 checks)
[TEST] cook.repro_mains                           | PASS | 16.51s (12 checks)
[TEST] craft.blueprints_resolve                   | PASS | 0.12s (14 checks)
[TEST] craft.catalog_self_loads                   | PASS | 0.09s (11 checks)
[TEST] craft.index_filter                         | PASS | 0.10s (13 checks)
[TEST] craft.queue                                | PASS | 0.10s (16 checks)
[TEST] craft.skill_gate                           | PASS | 0.00s (6 checks)
[TEST] craft.stations                             | PASS | 0.00s (5 checks)
[TEST] daynight.day_counter                       | PASS | 0.00s (6 checks)
[TEST] deadzone.clean_ground_safe                 | PASS | 0.24s (2 checks)
[TEST] deadzone.hurts_unprotected                 | PASS | 0.23s (7 checks)
[TEST] deadzone.infection                         | PASS | 4.25s (17 checks)
[TEST] deadzone.loopback_dose                     | PASS | 0.60s (7 checks)
[TEST] deadzone.map_volumes_load                  | PASS | 0.24s (18 checks)
[TEST] debug.hitbox_client_wires                  | PASS | 0.29s (4 checks)
[TEST] debug.hitbox_console                       | PASS | 0.01s (8 checks)
[TEST] deploy.ceiling_hangs                       | PASS | 0.09s (16 checks)
[TEST] deploy.damage_stages                       | PASS | 0.07s (8 checks)
[TEST] deploy.generator_runs_dry                  | PASS | 0.14s (4 checks)
[TEST] deploy.grid_source_interaction             | PASS | 0.02s (4 checks)
[TEST] deploy.ids_do_not_collide                  | PASS | 0.08s (5 checks)
[TEST] deploy.placement_reason                    | PASS | 0.08s (8 checks)
[TEST] deploy.placer_aim                          | PASS | 0.06s (5 checks)
[TEST] deploy.port_arrows                         | PASS | 0.03s (4 checks)
[TEST] deploy.splitter_placement                  | PASS | 0.04s (2 checks)
[TEST] deploy.state_persists                      | PASS | 0.04s (3 checks)
[TEST] destructible.batched_break_swaps_slots     | PASS | 0.06s (13 checks)
[TEST] destructible.break_hides_and_untargets     | PASS | 0.04s (8 checks)
[TEST] destructible.local_fire_breaks_prop        | PASS | 1.72s (4 checks)
[TEST] destructible.register_before_setcount      | PASS | 0.02s (7 checks)
[TEST] door.breaks_down                           | PASS | 0.10s (4 checks)
[TEST] door.hinge_lies_on_its_leaf                | PASS | 0.00s (15 checks)
[TEST] door.locked_refuses                        | PASS | 0.02s (7 checks)
[TEST] door.placed_wooden_door_swings_90          | PASS | 0.92s (13 checks)
[TEST] door.player_locks_own                      | PASS | 0.28s (8 checks)
[TEST] door.shot_breaks_down                      | PASS | 0.92s (2 checks)
[TEST] door.solid_only_at_endpoints               | PASS | 4.14s (12 checks)
[TEST] door.swings_and_blocks                     | PASS | 0.95s (7 checks)
[TEST] editor.every_catalog_entry_previews        | PASS | 0.73s (4 checks)
[TEST] editor.grid_snap_follows_the_drag_axis     | PASS | 0.00s (8 checks)
[TEST] editor.map_names_are_safe_paths            | PASS | 0.00s (35 checks)
[TEST] editor.palette_preview_spins_in_place      | PASS | 0.06s (4 checks)
[TEST] editor.playtest_spawns_under_the_camera    | PASS | 0.05s (5 checks)
[TEST] editor.road_draw_junctions                 | PASS | 0.03s (11 checks)
[TEST] editor.road_draw_nodes                     | PASS | 0.03s (10 checks)
[TEST] editor.road_draw_tool                      | PASS | 0.01s (5 checks)
[TEST] editor.road_graph_persist                  | PASS | 0.07s (13 checks)
[TEST] editor.road_panel_buttons                  | PASS | 0.04s (8 checks)
[TEST] editor.road_prop_connectors                | PASS | 0.01s (9 checks)
[TEST] editor.road_spline_snap                    | PASS | 0.01s (6 checks)
[TEST] editor.smart_props                         | PASS | 0.62s (20 checks)
[TEST] editor.undo_terrain_and_river              | PASS | 18.73s (26 checks)
[TEST] equip.dispatch_coverage                    | PASS | 0.52s (41 checks)
[TEST] farm.crops_loop                            | PASS | 0.00s (4 checks)
[TEST] farm.grow_harvest                          | PASS | 0.00s (6 checks)
[TEST] farm.second_yield_roll                     | PASS | 0.00s (5 checks)
[TEST] fluid.art_placements_and_flow              | PASS | 3.82s (217 checks)
[TEST] fluid.container_drink_modes                | PASS | 0.13s (16 checks)
[TEST] fluid.fill_command                         | PASS | 0.09s (23 checks)
[TEST] fluid.idle_posttick_group                  | PASS | 0.01s (9 checks)
[TEST] fluid.pickup_refunds_over_the_wire         | PASS | 2.42s (14 checks)
[TEST] fluid.place_consumes_over_the_wire         | PASS | 0.92s (14 checks)
[TEST] fluid.pumpjack                             | PASS | 0.10s (19 checks)
[TEST] fluid.sink_prop_identity                   | PASS | 0.00s (5 checks)
[TEST] fluid.sink_spout_anchor                    | PASS | 0.01s (16 checks)
[TEST] fluid.sink_water_input                     | PASS | 0.78s (13 checks)
[TEST] fluid.water_mains_gate                     | PASS | 0.40s (5 checks)
[TEST] fluid.water_mains_shape                    | PASS | 0.04s (13 checks)
[TEST] fluid.well_source                          | PASS | 0.04s (15 checks)
[TEST] foliage.authoring_format                   | PASS | 1.36s (17 checks)
[TEST] foliage.paint_brush                        | PASS | 0.90s (9 checks)
[TEST] food.spoilage                              | PASS | 0.09s (33 checks)
[TEST] forage.plants                              | PASS | 0.19s (46 checks)
[TEST] gfx.chromatic                              | PASS | 0.04s (8 checks)
[TEST] graphics.vertex_shading                    | PASS | 0.26s (7 checks)
[TEST] gun.action_types                           | PASS | 0.08s (9 checks)
[TEST] gun.attachment_fit                         | PASS | 0.10s (96 checks)
[TEST] gun.attachment_item_behaves                | PASS | 0.31s (12 checks)
[TEST] gun.avenger_usp_45                         | PASS | 0.11s (34 checks)
[TEST] gun.ballistics_tuning                      | PASS | 0.00s (20 checks)
[TEST] gun.caliber_ballistics                     | PASS | 0.01s (184 checks)
[TEST] gun.caliber_field                          | PASS | 0.23s (81 checks)
[TEST] gun.chamber_sweep                          | PASS | 0.02s (19 checks)
[TEST] gun.damage_falloff                         | PASS | 4.08s (15 checks)
[TEST] gun.description_names_caliber              | PASS | 0.11s (11 checks)
[TEST] gun.drum_mag_capacity                      | PASS | 0.45s (9 checks)
[TEST] gun.inf_ammo                               | PASS | 5.16s (8 checks)
[TEST] gun.mag_reload                             | PASS | 0.10s (78 checks)
[TEST] gun.magazine_reality                       | PASS | 0.11s (23 checks)
[TEST] gun.playground_dummy                       | PASS | 3.67s (17 checks)
[TEST] gun.recoil_camera                          | PASS | 10.18s (7 checks)
[TEST] gun.recoil_pattern                         | PASS | 0.00s (11 checks)
[TEST] gun.reequip_keeps_ammo                     | PASS | 0.44s (13 checks)
[TEST] gun.reequip_keeps_attachments              | PASS | 0.34s (10 checks)
[TEST] gun.scope_steady                           | PASS | 10.04s (8 checks)
[TEST] gun.scope_sway                             | PASS | 21.05s (12 checks)
[TEST] gun.suppression                            | PASS | 5.61s (20 checks)
[TEST] gun.swap_mid_reload                        | PASS | 6.03s (13 checks)
[TEST] gun.table_wiring                           | PASS | 0.32s (12 checks)
[TEST] gun.visual_table_lossless                  | PASS | 0.00s (26 checks)
[TEST] gun.wallbang                               | PASS | 10.28s (8 checks)
[TEST] inv.audio_routing                          | PASS | 0.17s (11 checks)
[TEST] inv.consume_hold_flow                      | PASS | 0.11s (22 checks)
[TEST] inv.container_equip_and_autodrink          | PASS | 0.16s (11 checks)
[TEST] inv.drag_gesture_moves_item                | PASS | 0.59s (20 checks)
[TEST] inv.drag_rmb_cancel                        | PASS | 0.13s (10 checks)
[TEST] inv.drag_swap_crosspage                    | PASS | 0.08s (11 checks)
[TEST] inv.equip_closes_ctrlgrab                  | PASS | 0.13s (11 checks)
[TEST] inv.hold_transfer                          | PASS | 2.63s (18 checks)
[TEST] inv.paperdoll_spin                         | PASS | 0.12s (4 checks)
[TEST] inv.quickaction_rotation                   | PASS | 0.13s (5 checks)
[TEST] inv.weapon_slots                           | PASS | 0.12s (4 checks)
[TEST] inv.wheel_scrolls_over_buttons             | PASS | 0.11s (5 checks)
[TEST] inventory.hand_actions                     | PASS | 0.00s (10 checks)
[TEST] inventory.slot_rules                       | PASS | 0.62s (23 checks)
[TEST] item.nearby_los                            | PASS | 0.10s (5 checks)
[TEST] item.nearby_open_path                      | PASS | 0.32s (4 checks)
[TEST] item.trimesh_no_tunnel                     | PASS | 1.06s (2 checks)
[TEST] items.walkie_tool                          | PASS | 0.33s (32 checks)
[TEST] ladder.attach_rules                        | PASS | 0.08s (35 checks)
[TEST] ladder.climb_end_to_end                    | PASS | 1.21s (6 checks)
[TEST] ladder.real_world_repro                    | PASS | 13.09s (7 checks)
[TEST] ladder.top_and_radius_probe                | PASS | 0.00s (1 checks)
[TEST] ladder.top_exit                            | PASS | 4.07s (3 checks)
[TEST] ladder.top_onto_roof                       | PASS | 5.12s (6 checks)
[TEST] light.shadow_budget_caps_and_picks         | PASS | 0.12s (9 checks)
[TEST] light.shadow_budget_charges_by_face        | PASS | 0.10s (8 checks)
[TEST] load.cover_outlasts_shader_warm            | PASS | 2.28s (7 checks)
[TEST] log.buffer_independent_of_stdout           | PASS | 0.00s (9 checks)
[TEST] look.interact_origin                       | PASS | 5.22s (10 checks)
[TEST] look.single_focus                          | PASS | 0.24s (17 checks)
[TEST] melee.chainsaw                             | PASS | 0.24s (13 checks)
[TEST] melee.held_flashlight                      | PASS | 0.68s (24 checks)
[TEST] mp.attachments_replicate                   | PASS | 0.58s (6 checks)
[TEST] mp.deployable_condition                    | PASS | 0.31s (11 checks)
[TEST] mp.puppet_lights                           | PASS | 0.78s (4 checks)
[TEST] net.arena_match_gate                       | PASS | 0.38s (6 checks)
[TEST] net.attach_no_dupe                         | PASS | 2.22s (11 checks)
[TEST] net.bed_break_clears_spawn                 | PASS | 0.18s (7 checks)
[TEST] net.bed_respawn_roundtrip                  | PASS | 3.60s (8 checks)
[TEST] net.ceiling_pendant_seats                  | PASS | 1.16s (11 checks)
[TEST] net.client_world_mode                      | PASS | 0.02s (6 checks)
[TEST] net.client_world_views                     | PASS | 3.72s (19 checks)
[TEST] net.clientauth_body_follows                | PASS | 4.92s (16 checks)
[TEST] net.deadzone_roundtrip                     | PASS | 7.97s (7 checks)
[TEST] net.death_drops_items_visible_to_others    | PASS | 5.02s (25 checks)
[TEST] net.dedicated_boot                         | PASS | 0.76s (10 checks)
[TEST] net.dedicated_builds_interactables         | PASS | 0.08s (8 checks)
[TEST] net.deploy_wire_power                      | PASS | 0.20s (14 checks)
[TEST] net.door_break_replicates                  | PASS | 0.19s (9 checks)
[TEST] net.door_retire_sweep                      | PASS | 0.17s (6 checks)
[TEST] net.door_roundtrip                         | PASS | 1.48s (8 checks)
[TEST] net.dropin_dropout                         | PASS | 4.42s (15 checks)
[TEST] net.held_state_survives_echo               | PASS | 1.15s (12 checks)
[TEST] net.item_state_survives_move               | PASS | 1.78s (35 checks)
[TEST] net.loopback_join_move                     | PASS | 4.05s (12 checks)
[TEST] net.populated_world_quiet                  | PASS | 12.26s (13 checks)
[TEST] net.puppet_steer_model                     | PASS | 0.03s (7 checks)
[TEST] net.reload_no_refund                       | PASS | 3.22s (10 checks)
[TEST] net.ride_freelook                          | PASS | 0.25s (6 checks)
[TEST] net.shared_container                       | PASS | 1.20s (18 checks)
[TEST] net.shell_console_teleport                 | PASS | 4.35s (11 checks)
[TEST] net.shell_consume                          | PASS | 1.07s (9 checks)
[TEST] net.shell_destructible_fire_break          | PASS | 0.02s (7 checks)
[TEST] net.shell_downhill_clientauth              | PASS | 22.80s (15 checks)
[TEST] net.shell_drive                            | PASS | 15.38s (27 checks)
[TEST] net.shell_drive_handoff                    | PASS | 14.46s (13 checks)
[TEST] net.shell_drive_predicted                  | PASS | 12.62s (16 checks)
[TEST] net.shell_drive_recov                      | PASS | 7.01s (9 checks)
[TEST] net.shell_fire_zombie                      | PASS | 3.92s (15 checks)
[TEST] net.shell_holiday_handshake                | PASS | 1.22s (7 checks)
[TEST] net.shell_move_item                        | PASS | 1.06s (10 checks)
[TEST] net.shell_open_storage                     | PASS | 1.16s (13 checks)
[TEST] net.shell_outage_recov                     | PASS | 7.84s (9 checks)
[TEST] net.shell_pickup_denied_stays              | PASS | 1.35s (13 checks)
[TEST] net.shell_pickup_item                      | PASS | 1.10s (13 checks)
[TEST] net.shell_place_deployable                 | PASS | 1.16s (13 checks)
[TEST] net.shell_spawns_unarmed                   | PASS | 2.00s (11 checks)
[TEST] net.shell_sprint_clientauth                | PASS | 8.79s (9 checks)
[TEST] net.shell_sprint_stop_jitter               | PASS | 18.82s (10 checks)
[TEST] net.shell_stall_hitch                      | PASS | 5.85s (6 checks)
[TEST] net.shell_take_from_shelf                  | PASS | 2.58s (11 checks)
[TEST] net.shell_upgrade_skill                    | PASS | 1.21s (10 checks)
[TEST] net.shell_walk_clientauth                  | PASS | 5.73s (14 checks)
[TEST] net.shell_wan_doorway                      | PASS | 49.59s (5 checks)
[TEST] net.shell_wan_jump                         | PASS | 36.34s (5 checks)
[TEST] net.shell_wan_sprint_turns                 | PASS | 25.35s (6 checks)
[TEST] net.shell_wan_stepup                       | PASS | 49.90s (5 checks)
[TEST] net.shell_wan_thincollider                 | PASS | 33.92s (5 checks)
[TEST] net.shell_wan_walk                         | PASS | 31.36s (6 checks)
[TEST] net.slot_deequip                           | PASS | 1.04s (12 checks)
[TEST] net.vehicle_drive_sync                     | PASS | 8.24s (17 checks)
[TEST] net.vehicle_freeze_hold                    | PASS | 9.08s (9 checks)
[TEST] net.vehicle_puppet_is_solid                | PASS | 4.23s (9 checks)
[TEST] obj.winding_cross_family                   | PASS | 0.04s (10 checks)
[TEST] particles.gpu_renders_offline              | PASS | 3.99s (1 checks)
[TEST] player.broken_legs_mend                    | PASS | 1.92s (4 checks)
[TEST] player.door_and_bed_interaction            | PASS | 0.23s (7 checks)
[TEST] player.fall_damage                         | PASS | 1.69s (1 checks)
[TEST] player.jump_sprint_probe                   | PASS | 10.17s (1 checks)
[TEST] player.lean                                | PASS | 15.02s (45 checks)
[TEST] player.medical_cures_pinned                | PASS | 0.23s (18 checks)
[TEST] player.oxygen_drains                       | PASS | 8.22s (7 checks)
[TEST] player.respawns_at_claimed_bed             | PASS | 3.67s (6 checks)
[TEST] player.stance_stealth_radius               | PASS | 0.40s (4 checks)
[TEST] player.swim_blocks_fire                    | PASS | 2.67s (4 checks)
[TEST] player.swim_follows_aim                    | PASS | 1.06s (5 checks)
[TEST] player.swim_in_water                       | PASS | 1.15s (4 checks)
[TEST] player.teleport_sticks                     | PASS | 0.56s (6 checks)
[TEST] player.third_person_cam                    | PASS | 9.80s (33 checks)
[TEST] player.vision_slot                         | PASS | 0.33s (24 checks)
[TEST] player.wading_blocks_crouch                | PASS | 0.37s (3 checks)
[TEST] power.battery_charge_discharge             | PASS | 2.42s (7 checks)
[TEST] power.battery_daisy_chain                  | PASS | 1.22s (4 checks)
[TEST] power.chain_passthrough                    | PASS | 0.03s (5 checks)
[TEST] power.combiner_sums_sources                | PASS | 0.04s (5 checks)
[TEST] power.fire_stops_conduction                | PASS | 0.02s (3 checks)
[TEST] power.gas_pump_extract                     | PASS | 0.03s (3 checks)
[TEST] power.gas_pump_powers                      | PASS | 0.02s (4 checks)
[TEST] power.gen_powers_spotlight                 | PASS | 0.02s (6 checks)
[TEST] power.gen_ramp_resolves                    | PASS | 2.21s (3 checks)
[TEST] power.generator_triggers                   | PASS | 0.15s (7 checks)
[TEST] power.grid_materialize_port_standsup       | PASS | 0.01s (2 checks)
[TEST] power.grid_reaches_pumps_and_tvs           | PASS | 20.51s (21 checks)
[TEST] power.grid_source_powers                   | PASS | 0.02s (14 checks)
[TEST] power.pickup_frees_wires                   | PASS | 0.05s (4 checks)
[TEST] power.splitter_fans_out                    | PASS | 0.04s (7 checks)
[TEST] power.switch_gates                         | PASS | 0.06s (6 checks)
[TEST] power.wind_turbine                         | PASS | 0.05s (4 checks)
[TEST] power.wire_clear_unpowers                  | PASS | 0.03s (2 checks)
[TEST] power.wireless_data                        | PASS | 0.42s (11 checks)
[TEST] power.wreck_drops_wires                    | PASS | 0.04s (4 checks)
[TEST] prop.car_lift                              | PASS | 4.57s (24 checks)
[TEST] prop.sitting                               | PASS | 1.82s (47 checks)
[TEST] prop.surfaces                              | PASS | 0.01s (39 checks)
[TEST] props.broken_streetlight_goes_dark         | PASS | 0.15s (12 checks)
[TEST] props.camera_split                         | PASS | 0.00s (8 checks)
[TEST] props.doors_bounce_open_not_closed         | PASS | 0.04s (3 checks)
[TEST] props.global_blackout                      | PASS | 0.08s (3 checks)
[TEST] props.gun_case_lid                         | PASS | 0.02s (23 checks)
[TEST] props.heart_monitor                        | PASS | 7.72s (70 checks)
[TEST] props.streetlight_adopts_prop_lens         | PASS | 0.18s (11 checks)
[TEST] props.streetlight_bulb_shoots_out          | PASS | 0.22s (19 checks)
[TEST] props.streetlight_follows_global_power     | PASS | 0.58s (4 checks)
[TEST] props.streetlight_leaves_a_stump           | PASS | 0.01s (10 checks)
[TEST] props.streetlight_lens_split               | PASS | 0.00s (10 checks)
[TEST] props.streetlight_motes_fade_with_the_clock | PASS | 0.06s (11 checks)
[TEST] props.toaster_lever                        | PASS | 0.01s (13 checks)
[TEST] props.toaster_pops_bread                   | PASS | 0.01s (16 checks)
[TEST] props.traffic_light_cycle                  | PASS | 7.42s (26 checks)
[TEST] props.traffic_light_head_split             | PASS | 0.00s (16 checks)
[TEST] props.traffic_light_lens_split             | PASS | 0.00s (23 checks)
[TEST] props.traffic_light_no_battery             | PASS | 1.61s (4 checks)
[TEST] props.traffic_light_shoot_out              | PASS | 0.12s (16 checks)
[TEST] props.traffic_light_side_road_data         | PASS | 0.01s (6 checks)
[TEST] radio.switch_and_feed                      | PASS | 0.42s (19 checks)
[TEST] rain.car_audio                             | PASS | 0.19s (8 checks)
[TEST] rain.indoor_audible                        | PASS | 0.09s (7 checks)
[TEST] rain.surface_audio                         | PASS | 0.13s (30 checks)
[TEST] review.animal_catalog_species              | PASS | 0.00s (6 checks)
[TEST] river.overhang_probe                       | PASS | 0.46s (5 checks)
[TEST] shelf.collider_two_sided                   | PASS | 0.01s (2 checks)
[TEST] sim.freeze_mode                            | PASS | 3.37s (9 checks)
[TEST] skills.grid_xp_mastery                     | PASS | 0.00s (23 checks)
[TEST] step.gap_is_not_a_step                     | PASS | 4.42s (1 checks)
[TEST] step.rise_matches_the_obstacle             | PASS | 1.98s (4 checks)
[TEST] step.walkable_slope_is_not_a_step          | PASS | 4.97s (2 checks)
[TEST] structure.aimed_actions                    | PASS | 0.69s (15 checks)
[TEST] structure.barricade_seam                   | PASS | 0.08s (21 checks)
[TEST] structure.build_input                      | PASS | 0.82s (19 checks)
[TEST] structure.charge_raid                      | PASS | 0.31s (8 checks)
[TEST] structure.damage_save                      | PASS | 0.08s (17 checks)
[TEST] structure.doorway                          | PASS | 0.04s (16 checks)
[TEST] structure.explosion                        | PASS | 0.24s (13 checks)
[TEST] structure.explosion_order                  | PASS | 0.12s (5 checks)
[TEST] structure.high_ground                      | PASS | 0.04s (10 checks)
[TEST] structure.lattice                          | PASS | 0.01s (32 checks)
[TEST] structure.query                            | PASS | 0.01s (7 checks)
[TEST] structure.repair_salvage                   | PASS | 0.12s (17 checks)
[TEST] structure.review_regressions               | PASS | 0.12s (16 checks)
[TEST] survival.fridge_preserves                  | PASS | 0.18s (8 checks)
[TEST] tank.differential_steer                    | PASS | 7.99s (7 checks)
[TEST] terrain.authored_cuts_apply                | PASS | 0.12s (13 checks)
[TEST] terrain.collider_matches_sampled_height    | PASS | 0.14s (8 checks)
[TEST] terrain.hole_collider_matches_mesh         | PASS | 0.20s (9 checks)
[TEST] terrain.surface                            | PASS | 0.10s (82 checks)
[TEST] thermal.field_line_of_sight                | PASS | 0.35s (8 checks)
[TEST] throwable.equip_throw_effect               | PASS | 16.94s (33 checks)
[TEST] tickhub.wiring                             | PASS | 1.85s (4 checks)
[TEST] tickhub.worlditem                          | PASS | 1.22s (5 checks)
[TEST] trap.charge_detonate                       | PASS | 0.02s (2 checks)
[TEST] trap.charge_detonate_all                   | PASS | 0.05s (3 checks)
[TEST] trap.charge_raid                           | PASS | 0.06s (2 checks)
[TEST] trap.charge_shot                           | PASS | 0.02s (2 checks)
[TEST] trap.detonator                             | PASS | 0.24s (4 checks)
[TEST] trap.landmine_player                       | PASS | 0.19s (3 checks)
[TEST] trap.landmine_shot                         | PASS | 0.01s (2 checks)
[TEST] trap.landmine_structure                    | PASS | 0.02s (2 checks)
[TEST] trap.spike_no_blast                        | PASS | 0.06s (3 checks)
[TEST] trap.spike_player                          | PASS | 0.21s (1 checks)
[TEST] tree.harvest                               | PASS | 0.10s (6 checks)
[TEST] tree.impostor_handover                     | PASS | 0.39s (6 checks)
[TEST] tree.stump_collision                       | PASS | 0.10s (12 checks)
[TEST] tv.broken_kills_screen                     | PASS | 0.30s (7 checks)
[TEST] tv.crt_collapse                            | PASS | 0.00s (21 checks)
[TEST] tv.crt_desync                              | PASS | 0.26s (17 checks)
[TEST] tv.glass_color                             | PASS | 0.10s (11 checks)
[TEST] tv.input_banner                            | PASS | 22.80s (45 checks)
[TEST] tv.monitors_and_power_io                   | PASS | 0.04s (190 checks)
[TEST] tv.monitors_live                           | PASS | 9.31s (167 checks)
[TEST] tv.mono_set                                | PASS | 0.07s (18 checks)
[TEST] tv.screen_composite                        | PASS | 0.01s (17 checks)
[TEST] tv.screen_material                         | PASS | 0.01s (56 checks)
[TEST] tv.shoot_screen_out                        | PASS | 0.26s (19 checks)
[TEST] ui.attachment_orbit                        | PASS | 0.00s (18 checks)
[TEST] ui.outline_focus_color                     | PASS | 0.08s (13 checks)
[TEST] unify.animal_materialize                   | PASS | 0.36s (9 checks)
[TEST] unify.container_loot                       | PASS | 0.34s (2 checks)
[TEST] unify.container_materialize                | PASS | 0.32s (7 checks)
[TEST] unify.crop_client_harvest                  | PASS | 1.00s (12 checks)
[TEST] unify.crop_harvest_no_double               | PASS | 0.66s (6 checks)
[TEST] unify.crop_harvest_yield                   | PASS | 1.24s (11 checks)
[TEST] unify.crop_view                            | PASS | 2.08s (8 checks)
[TEST] unify.damage_explosion                     | PASS | 0.18s (5 checks)
[TEST] unify.damage_fall                          | PASS | 0.86s (8 checks)
[TEST] unify.damage_oob                           | PASS | 0.42s (5 checks)
[TEST] unify.damage_spawn_window                  | PASS | 0.38s (4 checks)
[TEST] unify.death_respawn_local_clock            | PASS | 4.17s (7 checks)
[TEST] unify.death_respawn_recov                  | PASS | 7.90s (16 checks)
[TEST] unify.default_flip                         | PASS | 0.00s (8 checks)
[TEST] unify.deploy_consume_parity                | PASS | 0.22s (16 checks)
[TEST] unify.deploy_pickup                        | PASS | 0.34s (7 checks)
[TEST] unify.dropped_item_falls                   | PASS | 2.61s (5 checks)
[TEST] unify.fine_vitals_loopback_starve          | PASS | 3.41s (8 checks)
[TEST] unify.fine_vitals_starve                   | PASS | 27.05s (20 checks)
[TEST] unify.gaspump_fixture_extract              | PASS | 0.93s (12 checks)
[TEST] unify.grid_power_fixture                   | PASS | 0.31s (15 checks)
[TEST] unify.host_seat_arbitration                | PASS | 0.43s (17 checks)
[TEST] unify.inventory_authority                  | PASS | 1.12s (22 checks)
[TEST] unify.loopback_upgrade_skill               | PASS | 0.32s (6 checks)
[TEST] unify.passive_loot_single                  | PASS | 0.24s (12 checks)
[TEST] unify.player_appearance                    | PASS | 0.60s (7 checks)
[TEST] unify.storage_close_no_loss                | PASS | 0.31s (6 checks)
[TEST] unify.use_button_consume                   | PASS | 1.41s (9 checks)
[TEST] unify.vitals_adopt                         | PASS | 4.32s (14 checks)
[TEST] unify.worlditem_consume                    | PASS | 1.00s (15 checks)
[TEST] vehicle.access                             | PASS | 2.55s (16 checks)
[TEST] vehicle.boat_hull                          | PASS | 77.64s (14 checks)
[TEST] vehicle.boat_hull_probe                    | PASS | 0.00s (1 checks)
[TEST] vehicle.boat_slice_sweep                   | PASS | 0.00s (1 checks)
[TEST] vehicle.boat_turn_sweep                    | PASS | 0.00s (1 checks)
[TEST] vehicle.car_handling                       | PASS | 76.24s (7 checks)
[TEST] vehicle.drivetrain                         | PASS | 156.09s (50 checks)
[TEST] vehicle.glass                              | PASS | 3.69s (30 checks)
[TEST] vehicle.heli_angular_damp                  | PASS | 8.03s (3 checks)
[TEST] vehicle.heli_axis_probe                    | PASS | 6.38s (4 checks)
[TEST] vehicle.heli_energy_redirect               | PASS | 4.23s (3 checks)
[TEST] vehicle.heli_flight                        | PASS | 244.16s (103 checks)
[TEST] vehicle.heli_lift                          | PASS | 43.70s (14 checks)
[TEST] vehicle.heli_parts                         | PASS | 45.64s (99 checks)
[TEST] vehicle.heli_phys_knobs                    | PASS | 148.30s (8 checks)
[TEST] vehicle.heli_sling                         | PASS | 69.62s (21 checks)
[TEST] vehicle.heli_speed                         | PASS | 206.35s (47 checks)
[TEST] vehicle.heli_turbulence                    | PASS | 59.97s (5 checks)
[TEST] vehicle.lamps                              | PASS | 3.37s (27 checks)
[TEST] vehicle.mesh_hitbox                        | PASS | 22.26s (36 checks)
[TEST] vehicle.npc_heli                           | PASS | 69.97s (8 checks)
[TEST] vehicle.npc_heli_turret                    | PASS | 102.82s (36 checks)
[TEST] vehicle.offroad_grip                       | PASS | 27.61s (25 checks)
[TEST] vehicle.parked_physics                     | PASS | 49.96s (6 checks)
[TEST] vehicle.plane_chase_cam                    | PASS | 0.30s (15 checks)
[TEST] vehicle.plane_dive                         | PASS | 0.17s (6 checks)
[TEST] vehicle.rollover                           | PASS | 64.33s (2 checks)
[TEST] vehicle.rope_tow_attach_detach             | PASS | 1.02s (9 checks)
[TEST] vehicle.rope_tow_breaks                    | PASS | 1.03s (3 checks)
[TEST] vehicle.rope_tow_debuff                    | PASS | 0.99s (3 checks)
[TEST] vehicle.rope_tow_no_attach_yank            | PASS | 1.58s (3 checks)
[TEST] vehicle.rope_tow_node_hiding               | PASS | 0.98s (10 checks)
[TEST] vehicle.rope_tow_pulls                     | PASS | 3.99s (5 checks)
[TEST] vehicle.rope_tow_remote_tie                | PASS | 3.20s (15 checks)
[TEST] vehicle.rope_tow_replicates                | PASS | 1.21s (13 checks)
[TEST] vehicle.rope_tow_scan_finds_puppets        | PASS | 1.62s (10 checks)
[TEST] vehicle.sam_site                           | PASS | 0.56s (31 checks)
[TEST] vehicle.seats                              | PASS | 9.95s (155 checks)
[TEST] vehicle.ship_deck_probe                    | PASS | 87.70s (19 checks)
[TEST] vehicle.ship_hull_1to1                     | PASS | 0.91s (12 checks)
[TEST] vehicle.ship_ladder                        | PASS | 29.72s (12 checks)
[TEST] vehicle.ship_orca_landing                  | PASS | 38.06s (7 checks)
[TEST] vehicle.ship_player_deck                   | PASS | 45.62s (9 checks)
[TEST] vehicle.spawn_clear_of_player              | PASS | 2.19s (5 checks)
[TEST] vehicle.spraypaint                         | PASS | 0.01s (23 checks)
[TEST] vehicle.tires                              | PASS | 1.70s (31 checks)
[TEST] vehicle.trailers                           | FAIL | large runs two axles, four passive wheels at two distinct Z (0.36s)
         ✗ large runs two axles, four passive wheels at two distinct Z
         repro: ./test.sh --l1 --only vehicle.trailers   (seed 13104519336190721297)
[TEST] vehicle.wagon                              | PASS | 0.08s (35 checks)
[TEST] vehicle.water_swamp                        | PASS | 21.37s (12 checks)
[TEST] vehicle.wreck_goes_dark_and_stays_dark     | PASS | 10.90s (9 checks)
[TEST] viewmodel.held_part_hierarchy              | PASS | 0.19s (14 checks)
[TEST] viewmodel.inspect_sprint                   | PASS | 0.14s (11 checks)
[TEST] viewmodel.sway_inertia                     | PASS | 0.00s (14 checks)
[TEST] vitals.consume_effects                     | PASS | 0.09s (10 checks)
[TEST] weather.console                            | PASS | 0.24s (7 checks)
[TEST] weather.drives_rain                        | PASS | 33.74s (7 checks)
[TEST] weather.lightning_gating                   | PASS | 18.10s (7 checks)
[TEST] world.day_length                           | PASS | 0.01s (10 checks)
[TEST] world.hedge_wind                           | PASS | 0.00s (10 checks)
[TEST] world.proc_island                          | PASS | 1.49s (38 checks)
[TEST] world.resource_index_space                 | PASS | 0.55s (6 checks)
[TEST] world.tree_hit_shake                       | PASS | 2.37s (7 checks)
[TEST] world.tree_sink                            | PASS | 0.37s (13 checks)
[TEST] zombie.toggle_singleplayer                 | PASS | 18.81s (6 checks)
[TEST] net.vehicle_drive_sync_ackgap              | PASS | 7.66s (10 checks)
[TEST] net.vehicle_exit_during_ackgap             | PASS | 12.98s (17 checks)
[SUITE] L1 in-engine | FAIL | 1 failed, 548 passed
[SUMMARY] TOTAL: 548 passed, 1 failed | first failure: vehicle.trailers | FAILURES | trx: .testresults
