ok   9110_body.txt (376 tris)
ok   9110_body_lod1.txt (124 tris)
ok   9111_body.txt (700 tris)
ok   9111_body_lod1.txt (440 tris)
ok   9112_body.txt (568 tris)
ok   9112_body_lod1.txt (328 tris)
ok   9113_body.txt (568 tris)
ok   9113_body_lod1.txt (328 tris)
ok   9114_body.txt (1620 tris)
ok   9114_body_lod1.txt (868 tris)
ok   9114_part.txt (40 tris)
ok   9114_part_lod1.txt (32 tris)
ok   9114_preview.txt (1660 tris)
ok   9114_preview_lod1.txt (900 tris)
ok   9115_body.txt (648 tris)
ok   9115_body_lod1.txt (472 tris)
ok   9115_part.txt (184 tris)
ok   9115_part_lod1.txt (20 tris)
ok   9115_preview.txt (832 tris)
ok   9115_preview_lod1.txt (492 tris)
ok   9116_body.txt (460 tris)
ok   9116_body_lod1.txt (220 tris)
ok   9117_body.txt (256 tris)
ok   9117_body_lod1.txt (160 tris)
ok   9119_body.txt (324 tris)
ok   9119_body_lod1.txt (172 tris)
ok   9120_body.txt (288 tris)
ok   9120_body_lod1.txt (176 tris)
ok   9121_body.txt (568 tris)
ok   9121_body_lod1.txt (304 tris)

30 meshes, 14128 triangles, 0 with findings
